Γû▓ Next.js 16.2.4 (Turbopack)

node.exe : ΓÜá The "middleware" file convention is deprecated. Please use "proxy" instead. Learn more: 
https://nextjs.org/docs/messages/middleware-to-proxy
At C:\Users\jp155\AppData\Roaming\npm\npx.ps1:24 char:5
+     & "node$exe"  "$basedir/node_modules/npm/bin/npx-cli.js" $args
+     ~~~~~~~~~~~~~~~~~~~~~~~~~~~~~~~~~~~~~~~~~~~~~~~~~~~~~~~~~~~~~~
    + CategoryInfo          : NotSpecified: (ΓÜá The "middle...leware-to-proxy:String) [], RemoteException
    + FullyQualifiedErrorId : NativeCommandError
 
  Creating an optimized production build ...
Γ£ô Compiled successfully in 2.4s
  Running TypeScript ...
Failed to type check.

./src/app/api/auth/login/route.ts:40:37
Type error: Property 'password_hash' does not exist on type 'never'.

  [90m38 |[0m
  [90m39 |[0m     [90m// Comparar hashes en tiempo constante[0m
[31m[1m>[0m [90m40 |[0m     [36mconst[0m storedHash = fromHex(user.password_hash);
  [90m   |[0m                                     [31m[1m^[0m
  [90m41 |[0m     [36mconst[0m providedHash = fromHex(passwordHash);
  [90m42 |[0m
  [90m43 |[0m     [36mif[0m (!constantTimeEqual(storedHash, providedHash)) {
Next.js build worker exited with code: 1 and signal: null
